// Jest Snapshot v1, https://goo.gl/fbAQLP

exports[`should render Button component 1`] = `
<div>
  <button
    class="sc-dkrFOg KWCcW"
  />
</div>
`;
