// Jest Snapshot v1, https://goo.gl/fbAQLP

exports[`should render Spinner component 1`] = `
<div>
  <div
    class="sc-bcXHqe bFLwAG"
  >
    <div
      class="sc-gswNZR eiyJqi"
    />
  </div>
</div>
`;
